BOOTSTRAP_PASS
LINT_PASS
VALIDATE_PASS_WITH_MSR_011_BLOCKER
{
  "status": "PASS_WITH_BLOCKERS",
  "passed": 43,
  "failed": 0,
  "blocked": [
    "MSR-011"
  ]
}
SESSION18_FIXTURES_BUILT 12 23
FIXTURES_PASS 51
COMPATIBILITY_NOT_APPLICABLE_UNPUBLISHED_PREDECESSOR
TRACEABILITY_PASS_SEMANTIC_CLOSURE_SCOPE
GENERATED_NON_NORMATIVE
schemas/events/event-envelope/1.0.0/schema.json: OK
SECURITY_INTEGRITY_PASS_CONTAINER_SCAN_BLOCKED_MSR_011
{
  "decision": "CONDITIONAL PASS",
  "open_p0": [
    "MSR-011"
  ],
  "artifact": "dex-ai-contracts-0.2.0-session18.tar.gz",
  "digest": "8cca2156440be9306efe86e9c8f66d90956fe1bac5dc20ae26916e8bf10efa1a"
}
PACKAGE_PASS_UNPUBLISHED_CANDIDATE
REGISTRY_DRY_RUN_FAIL_CLOSED
